// Jest Snapshot v1, https://goo.gl/fbAQLP

exports[`Pruebas en <GifGridItem /> Debe mostrar el componente correctamente 1`] = `
<div
  className="GifGridItem animate__animated animate__fadeIn"
>
  <h3>
    Mi título
  </h3>
  <img
    alt="Mi título"
    src="https://localhost:3000"
  />
</div>
`;
